Copyright 1986-2016 Xilinx, Inc. All Rights Reserved.
---------------------------------------------------------------------------------------------------------------------------
| Tool Version : Vivado v.2016.4 (win64) Build 1733598 Wed Dec 14 22:35:39 MST 2016
| Date         : Fri Mar 31 00:42:57 2017
| Host         : yy_ideapad running 64-bit major release  (build 9200)
| Command      : report_utilization -file design_1_wrapper_utilization_synth.rpt -pb design_1_wrapper_utilization_synth.pb
| Design       : design_1_wrapper
| Device       : 7a100tcsg324-1
| Design State : Synthesized
---------------------------------------------------------------------------------------------------------------------------

Utilization Design Information

Table of Contents
-----------------
1. Slice Logic
1.1 Summary of Registers by Type
2. Memory
3. DSP
4. IO and GT Specific
5. Clocking
6. Specific Feature
7. Primitives
8. Black Boxes
9. Instantiated Netlists

1. Slice Logic
--------------

+----------------------------+-------+-------+-----------+-------+
|          Site Type         |  Used | Fixed | Available | Util% |
+----------------------------+-------+-------+-----------+-------+
| Slice LUTs*                | 53945 |     0 |     63400 | 85.09 |
|   LUT as Logic             | 50820 |     0 |     63400 | 80.16 |
|   LUT as Memory            |  3125 |     0 |     19000 | 16.45 |
|     LUT as Distributed RAM |  2076 |     0 |           |       |
|     LUT as Shift Register  |  1049 |     0 |           |       |
| Slice Registers            | 55961 |     3 |    126800 | 44.13 |
|   Register as Flip Flop    | 55948 |     3 |    126800 | 44.12 |
|   Register as Latch        |     0 |     0 |    126800 |  0.00 |
|   Register as AND/OR       |    13 |     0 |    126800 |  0.01 |
| F7 Muxes                   |  1796 |     0 |     31700 |  5.67 |
| F8 Muxes                   |   180 |     0 |     15850 |  1.14 |
+----------------------------+-------+-------+-----------+-------+
* Warning! The Final LUT count, after physical optimizations and full implementation, is typically lower. Run opt_design after synthesis, if not already completed, for a more realistic count.


1.1 Summary of Registers by Type
--------------------------------

+-------+--------------+-------------+--------------+
| Total | Clock Enable | Synchronous | Asynchronous |
+-------+--------------+-------------+--------------+
| 13    |            _ |           - |            - |
| 0     |            _ |           - |          Set |
| 0     |            _ |           - |        Reset |
| 0     |            _ |         Set |            - |
| 0     |            _ |       Reset |            - |
| 0     |          Yes |           - |            - |
| 842   |          Yes |           - |          Set |
| 2929  |          Yes |           - |        Reset |
| 807   |          Yes |         Set |            - |
| 51370 |          Yes |       Reset |            - |
+-------+--------------+-------------+--------------+


2. Memory
---------

+-------------------+------+-------+-----------+-------+
|     Site Type     | Used | Fixed | Available | Util% |
+-------------------+------+-------+-----------+-------+
| Block RAM Tile    | 78.5 |     0 |       135 | 58.15 |
|   RAMB36/FIFO*    |   74 |     0 |       135 | 54.81 |
|     RAMB36E1 only |   74 |       |           |       |
|   RAMB18          |    9 |     0 |       270 |  3.33 |
|     RAMB18E1 only |    9 |       |           |       |
+-------------------+------+-------+-----------+-------+
* Note: Each Block RAM Tile only has one FIFO logic available and therefore can accommodate only one FIFO36E1 or one FIFO18E1. However, if a FIFO18E1 occupies a Block RAM Tile, that tile can still accommodate a RAMB18E1


3. DSP
------

+----------------+------+-------+-----------+-------+
|    Site Type   | Used | Fixed | Available | Util% |
+----------------+------+-------+-----------+-------+
| DSPs           |   27 |     0 |       240 | 11.25 |
|   DSP48E1 only |   27 |       |           |       |
+----------------+------+-------+-----------+-------+


4. IO and GT Specific
---------------------

+-----------------------------+------+-------+-----------+-------+
|          Site Type          | Used | Fixed | Available | Util% |
+-----------------------------+------+-------+-----------+-------+
| Bonded IOB                  |   99 |     0 |       210 | 47.14 |
| Bonded IPADs                |    0 |     0 |         2 |  0.00 |
| PHY_CONTROL                 |    1 |     0 |         6 | 16.67 |
| PHASER_REF                  |    1 |     0 |         6 | 16.67 |
| OUT_FIFO                    |    4 |     0 |        24 | 16.67 |
| IN_FIFO                     |    2 |     0 |        24 |  8.33 |
| IDELAYCTRL                  |    1 |     0 |         6 | 16.67 |
| IBUFDS                      |    0 |     0 |       202 |  0.00 |
| PHASER_OUT/PHASER_OUT_PHY   |    4 |     0 |        24 | 16.67 |
|   PHASER_OUT_PHY only       |    4 |     0 |           |       |
| PHASER_IN/PHASER_IN_PHY     |    2 |     0 |        24 |  8.33 |
|   PHASER_IN_PHY only        |    2 |     0 |           |       |
| IDELAYE2/IDELAYE2_FINEDELAY |   16 |     0 |       300 |  5.33 |
|   IDELAYE2 only             |   16 |     0 |           |       |
| ILOGIC                      |   16 |     0 |       210 |  7.62 |
|   ISERDES                   |   16 |       |           |       |
| OLOGIC                      |   47 |     0 |       210 | 22.38 |
|   OSERDES                   |   42 |       |           |       |
|   ODDR                      |    5 |       |           |       |
+-----------------------------+------+-------+-----------+-------+


5. Clocking
-----------

+------------+------+-------+-----------+-------+
|  Site Type | Used | Fixed | Available | Util% |
+------------+------+-------+-----------+-------+
| BUFGCTRL   |    9 |     0 |        32 | 28.13 |
| BUFIO      |    0 |     0 |        24 |  0.00 |
| MMCME2_ADV |    2 |     0 |         6 | 33.33 |
| PLLE2_ADV  |    1 |     0 |         6 | 16.67 |
| BUFMRCE    |    0 |     0 |        12 |  0.00 |
| BUFHCE     |    1 |     0 |        96 |  1.04 |
| BUFR       |    0 |     0 |        24 |  0.00 |
+------------+------+-------+-----------+-------+


6. Specific Feature
-------------------

+-------------+------+-------+-----------+--------+
|  Site Type  | Used | Fixed | Available |  Util% |
+-------------+------+-------+-----------+--------+
| BSCANE2     |    1 |     0 |         4 |  25.00 |
| CAPTUREE2   |    0 |     0 |         1 |   0.00 |
| DNA_PORT    |    0 |     0 |         1 |   0.00 |
| EFUSE_USR   |    0 |     0 |         1 |   0.00 |
| FRAME_ECCE2 |    0 |     0 |         1 |   0.00 |
| ICAPE2      |    0 |     0 |         2 |   0.00 |
| PCIE_2_1    |    0 |     0 |         1 |   0.00 |
| STARTUPE2   |    0 |     0 |         1 |   0.00 |
| XADC        |    1 |     0 |         1 | 100.00 |
+-------------+------+-------+-----------+--------+


7. Primitives
-------------

+--------------------------+-------+---------------------+
|         Ref Name         |  Used | Functional Category |
+--------------------------+-------+---------------------+
| FDRE                     | 51370 |        Flop & Latch |
| LUT3                     | 19404 |                 LUT |
| LUT6                     | 11617 |                 LUT |
| LUT4                     |  8271 |                 LUT |
| LUT5                     |  6525 |                 LUT |
| LUT2                     |  4535 |                 LUT |
| FDCE                     |  2929 |        Flop & Latch |
| RAMD32                   |  2890 |  Distributed Memory |
| MUXF7                    |  1796 |               MuxFx |
| LUT1                     |  1490 |                 LUT |
| CARRY4                   |  1243 |          CarryLogic |
| RAMS32                   |   878 |  Distributed Memory |
| FDPE                     |   842 |        Flop & Latch |
| FDSE                     |   807 |        Flop & Latch |
| SRLC32E                  |   556 |  Distributed Memory |
| SRL16E                   |   479 |  Distributed Memory |
| MUXF8                    |   180 |               MuxFx |
| RAMB36E1                 |    74 |        Block Memory |
| RAMD64E                  |    64 |  Distributed Memory |
| OBUF                     |    56 |                  IO |
| OSERDESE2                |    42 |                  IO |
| DSP48E1                  |    27 |    Block Arithmetic |
| OBUFT                    |    26 |                  IO |
| IBUF                     |    19 |                  IO |
| ISERDESE2                |    16 |                  IO |
| IDELAYE2                 |    16 |                  IO |
| IBUF_INTERMDISABLE       |    16 |                  IO |
| SRLC16E                  |    14 |  Distributed Memory |
| AND2B1L                  |    11 |              Others |
| RAMB18E1                 |     9 |        Block Memory |
| BUFG                     |     9 |               Clock |
| ODDR                     |     5 |                  IO |
| PHASER_OUT_PHY           |     4 |                  IO |
| OUT_FIFO                 |     4 |                  IO |
| OBUFTDS                  |     4 |                  IO |
| IBUFDS_INTERMDISABLE_INT |     4 |                  IO |
| INV                      |     3 |                 LUT |
| PHASER_IN_PHY            |     2 |                  IO |
| OR2L                     |     2 |              Others |
| OBUFDS                   |     2 |                  IO |
| MMCME2_ADV               |     2 |               Clock |
| IN_FIFO                  |     2 |                  IO |
| XADC                     |     1 |              Others |
| PLLE2_ADV                |     1 |               Clock |
| PHY_CONTROL              |     1 |                  IO |
| PHASER_REF               |     1 |                  IO |
| IDELAYCTRL               |     1 |                  IO |
| BUFH                     |     1 |               Clock |
| BSCANE2                  |     1 |              Others |
+--------------------------+-------+---------------------+


8. Black Boxes
--------------

+------------------+------+
|     Ref Name     | Used |
+------------------+------+
| blk_mem_gen_3    |    2 |
| fifo_generator_0 |    1 |
| blk_mem_gen_2    |    1 |
| blk_mem_gen_0    |    1 |
+------------------+------+


9. Instantiated Netlists
------------------------

+---------------------------------------------------------------+------+
|                            Ref Name                           | Used |
+---------------------------------------------------------------+------+
| jpeg_qt_sr_c_shift_ram_v8_0_xst_1                             |    4 |
| jpeg_qt_sr                                                    |    4 |
| jpeg_upsampling_buffer                                        |    3 |
| jpeg_input_fifo_fifo_generator_v2_3_xst_1_blkmemdp_v6_2_xst   |    1 |
| jpeg_input_fifo_fifo_generator_v2_3_xst_1                     |    1 |
| jpeg_input_fifo                                               |    1 |
| jpeg_idct_core_12                                             |    1 |
| jpeg_huffman_input_sr                                         |    1 |
| jpeg_ht_tables                                                |    1 |
| jpeg_ht_nr_of_symbols                                         |    1 |
| jpeg_dequant_multiplier_mult_gen_v8_0_xst_1                   |    1 |
| jpeg_dequant_multiplier                                       |    1 |
| jpeg_checkff_fifo_fifo_generator_v2_3_xst_1_blkmemdp_v6_2_xst |    1 |
| jpeg_checkff_fifo_fifo_generator_v2_3_xst_1                   |    1 |
| jpeg_checkff_fifo                                             |    1 |
+---------------------------------------------------------------+------+


