12:55:18 **** Auto Build of configuration Debug for project MB0_n ****
make all 
Building file: ../src/main.cc
Invoking: MicroBlaze g++ compiler
mb-g++ -Wall -O0 -g3 -c -fmessage-length=0 -MT"src/main.o" -I../../MB0_n_bsp/microblaze_0/include -mno-xl-reorder -mlittle-endian -mxl-barrel-shift -mno-xl-soft-div -mcpu=v9.6 -mno-xl-soft-mul -mhard-float -Wl,--no-relax -MMD -MP -MF"src/main.d" -MT"src/main.o" -o "src/main.o" "../src/main.cc"
Finished building: ../src/main.cc
 
Building target: MB0_n.elf
Invoking: MicroBlaze g++ linker
mb-g++ -Wl,-T -Wl,../src/lscript.ld -L../../MB0_n_bsp/microblaze_0/lib -mlittle-endian -mxl-barrel-shift -mno-xl-soft-div -mcpu=v9.6 -mno-xl-soft-mul -mhard-float -Wl,--no-relax -o "MB0_n.elf"  ./src/main.o   -Wl,--start-group,-lxil,-lgcc,-lc,-lstdc++,--end-group
Finished building target: MB0_n.elf
 
Invoking: MicroBlaze Print Size
mb-size MB0_n.elf  |tee "MB0_n.elf.size"
   text	   data	    bss	    dec	    hex	filename
 275256	   8596	  66500	 350352	  55890	MB0_n.elf
Finished building: MB0_n.elf.size
 

12:55:25 Build Finished (took 7s.19ms)

