#-----------------------------------------------------------
# Vivado v2016.2 (64-bit)
# SW Build 1577090 on Thu Jun  2 16:32:40 MDT 2016
# IP Build 1577682 on Fri Jun  3 12:00:54 MDT 2016
# Start of session at: Wed Mar 15 10:47:08 2017
# Process ID: 15172
# Current directory: C:/Users/Neil/Documents/Neil/EngSci/year_4_winter/ECE532/GrandTheftAuto/mjpeg/jpeg_decoder
# Command line: vivado.exe -gui_launcher_event rodinguilauncherevent5448 C:\Users\Neil\Documents\Neil\EngSci\year_4_winter\ECE532\GrandTheftAuto\mjpeg\jpeg_decoder\jpeg.xpr
# Log file: C:/Users/Neil/Documents/Neil/EngSci/year_4_winter/ECE532/GrandTheftAuto/mjpeg/jpeg_decoder/vivado.log
# Journal file: C:/Users/Neil/Documents/Neil/EngSci/year_4_winter/ECE532/GrandTheftAuto/mjpeg/jpeg_decoder\vivado.jou
#-----------------------------------------------------------
start_gui
open_project C:/Users/Neil/Documents/Neil/EngSci/year_4_winter/ECE532/GrandTheftAuto/mjpeg/jpeg_decoder/jpeg.xpr
launch_simulation -mode post-synthesis -type functional
set_property -name {xsim.simulate.runtime} -value {1000ns} -objects [get_filesets sim_1]
launch_simulation -mode post-synthesis -type functional
open_wave_config C:/Users/Neil/Documents/Neil/EngSci/year_4_winter/ECE532/GrandTheftAuto/mjpeg/jpeg_decoder/jpeg_testbench_func_synth.wcfg
source jpeg_testbench.tcl
